git push origin main
[main a5408dd] Autonomous agentic backup
 1 file changed, 12 insertions(+)
[Daemon] Monitoring logs for tasks...
[Daemon] Found agentic task: echo '{"state": "active"}' > state.json && cp state.json backup_state.json && rm state.json && mv backup_state.json state.json
[Daemon] Initiating H2OIDE backup...
[Daemon] Found agentic task: system_ping
[Daemon] Found agentic task: system_ping
[Daemon] Found agentic task: system_ping
[Daemon] Found agentic task: system_ping
[Daemon] Found agentic task: system_ping
[Daemon] Found agentic task: system_ping
[Daemon] Found agentic task: system_ping
[Daemon] Found agentic task: system_ping
[Daemon] Found agentic task: system_ping
[Daemon] Found agentic task: system_ping
[Daemon] Found agentic task: system_ping
[Daemon] Found agentic task: system_ping
[Daemon] Found agentic task: system_ping
[Daemon] Found agentic task: system_ping
[Daemon] Found agentic task: system_ping
[Daemon] Found agentic task: system_ping
[Daemon] Found agentic task: system_ping
[Daemon] Found agentic task: system_ping
[Daemon] Found agentic task: system_ping
[Daemon] Found agentic task: system_ping
[Daemon] Found agentic task: system_ping
[Daemon] Found agentic task: system_ping
[Daemon] Found agentic task: system_ping
[Daemon] Found agentic task: system_ping
[Daemon] Found agentic task: system_ping
[Daemon] Found agentic task: system_ping
[Daemon] Found agentic task: system_ping
[Daemon] Found agentic task: system_ping
[Daemon] Found agentic task: system_ping
[Daemon] Found agentic task: system_ping
[Daemon] Found agentic task: system_ping
[Daemon] Found agentic task: system_ping
[Daemon] Found agentic task: system_ping
[Daemon] Found agentic task: system_ping
[Daemon] Found agentic task: system_ping
[Daemon] Found agentic task: system_ping
[Daemon] Found agentic task: system_ping
[Daemon] Found agentic task: system_ping
[Daemon] Found agentic task: system_ping
[Daemon] Found agentic task: system_ping
[Daemon] Found agentic task: system_ping
[Daemon] Found agentic task: system_ping
[Daemon] Found agentic task: system_ping
[Daemon] Found agentic task: system_ping
[Daemon] Found agentic task: system_ping
[Daemon] Found agentic task: system_ping
[Daemon] Found agentic task: system_ping
[Daemon] Found agentic task: system_ping
[Daemon] Found agentic task: system_ping
[Daemon] Found agentic task: system_ping
[Daemon] Found agentic task: system_ping
[Daemon] Found agentic task: system_ping
[Daemon] Found agentic task: system_ping
[Daemon] Found agentic task: system_ping
[Daemon] Found agentic task: system_ping
[Daemon] Found agentic task: system_ping
[Daemon] Found agentic task: system_ping
[Daemon] Found agentic task: system_ping
[Daemon] Found agentic task: system_ping
[Daemon] Found agentic task: system_ping
[Daemon] Found agentic task: system_ping
[Daemon] Found agentic task: system_ping
[Daemon] Found agentic task: system_ping
[Daemon] Found agentic task: system_ping
[Daemon] Found agentic task: system_ping
[Daemon] Found agentic task: system_ping
[Daemon] Found agentic task: system_ping
[Daemon] Found agentic task: system_ping
[Daemon] Found agentic task: system_ping
[Daemon] Found agentic task: system_ping
[Daemon] Found agentic task: system_ping
[Daemon] Found agentic task: system_ping
[Daemon] Found agentic task: system_ping
[Daemon] Found agentic task: system_ping
[Daemon] Found agentic task: system_ping
[Daemon] Found agentic task: system_ping
[Daemon] Found agentic task: system_ping
[Daemon] Found agentic task: system_ping
[Daemon] Found agentic task: system_ping
[Daemon] Found agentic task: system_ping
[Daemon] Found agentic task: system_ping
[Daemon] Found agentic task: system_ping
[Daemon] Found agentic task: system_ping
[Daemon] Found agentic task: system_ping
[Daemon] Found agentic task: system_ping
[Daemon] Found agentic task: system_ping
[Daemon] Found agentic task: system_ping
[Daemon] Found agentic task: system_ping
[Daemon] Found agentic task: system_ping
[Daemon] Found agentic task: system_ping
[Daemon] Found agentic task: system_ping
[Daemon] Found agentic task: system_ping
[Daemon] Found agentic task: system_ping
[Daemon] Found agentic task: system_ping
[Daemon] Found agentic task: system_ping
[Daemon] Found agentic task: system_ping
[Daemon] Found agentic task: system_ping
[Daemon] Found agentic task: system_ping
[Daemon] Found agentic task: system_ping
[Daemon] Found agentic task: system_ping
[Daemon] Found agentic task: system_ping
[Daemon] Found agentic task: system_ping
[Daemon] Found agentic task: system_ping
[Daemon] Found agentic task: system_ping
[Daemon] Found agentic task: system_ping
[Daemon] Found agentic task: system_ping
[Daemon] Found agentic task: system_ping
[Daemon] Found agentic task: system_ping
[Daemon] Found agentic task: system_ping
[Daemon] Found agentic task: system_ping
[Daemon] Found agentic task: system_ping
[Daemon] Found agentic task: system_ping
[Daemon] Found agentic task: system_ping
[Daemon] Found agentic task: system_ping
[Daemon] Found agentic task: system_ping
[Daemon] Found agentic task: system_ping
[Daemon] Found agentic task: system_ping
[Daemon] Found agentic task: system_ping
[Daemon] Found agentic task: system_ping
[Daemon] Found agentic task: system_ping
[Daemon] Found agentic task: system_ping
[Daemon] Found agentic task: system_ping
[Daemon] Found agentic task: system_ping
[Daemon] Found agentic task: system_ping
[Daemon] Found agentic task: system_ping
[Daemon] Found agentic task: system_ping
[Daemon] Found agentic task: system_ping
[Daemon] Found agentic task: system_ping
[Daemon] Found agentic task: system_ping
[Daemon] Found agentic task: system_ping
[Daemon] Found agentic task: system_ping
[Daemon] Found agentic task: system_ping
[Daemon] Found agentic task: system_ping
[Daemon] Found agentic task: system_ping
[Daemon] Found agentic task: system_ping
[Daemon] Found agentic task: system_ping
[Daemon] Found agentic task: system_ping
[Daemon] Found agentic task: system_ping
[Daemon] Found agentic task: system_ping
[Daemon] Found agentic task: system_ping
[Daemon] Found agentic task: system_ping
[Daemon] Found agentic task: system_ping
[Daemon] Found agentic task: system_ping
[Daemon] Found agentic task: system_ping
[Daemon] Found agentic task: system_ping
[Daemon] Found agentic task: system_ping
[Daemon] Found agentic task: system_ping
[Daemon] Found agentic task: system_ping
[Daemon] Found agentic task: system_ping
[Daemon] Found agentic task: system_ping
[Daemon] Found agentic task: system_ping
[Daemon] Found agentic task: system_ping
[Daemon] Found agentic task: system_ping
[Daemon] Found agentic task: system_ping
[Daemon] Found agentic task: system_ping
[Daemon] Found agentic task: system_ping
[Daemon] Found agentic task: system_ping
[Daemon] Found agentic task: system_ping
[Daemon] Found agentic task: system_ping
[Daemon] Found agentic task: system_ping
[Daemon] Found agentic task: system_ping
[Daemon] Found agentic task: system_ping
[Daemon] Found agentic task: system_ping
[Daemon] Found agentic task: system_ping
[Daemon] Found agentic task: system_ping
[Daemon] Found agentic task: system_ping
[Daemon] Found agentic task: system_ping
[Daemon] Found agentic task: system_ping
[Daemon] Found agentic task: system_ping
[Daemon] Found agentic task: system_ping
[Daemon] Found agentic task: system_ping
[Daemon] Found agentic task: system_ping
[Daemon] Found agentic task: system_ping
[Daemon] Found agentic task: system_ping
[Daemon] Found agentic task: system_ping
[Daemon] Found agentic task: system_ping
[Daemon] Found agentic task: system_ping
[Daemon] Found agentic task: system_ping
[Daemon] Found agentic task: system_ping
[Daemon] Found agentic task: system_ping
[Daemon] Found agentic task: system_ping
[Daemon] Found agentic task: system_ping
[Daemon] Found agentic task: system_ping
[Daemon] Found agentic task: system_ping
[Daemon] Found agentic task: system_ping
[Daemon] Found agentic task: system_ping
[Daemon] Found agentic task: system_ping
[Daemon] Found agentic task: system_ping
[Daemon] Found agentic task: system_ping
[Daemon] Found agentic task: system_ping
[Daemon] Found agentic task: system_ping
[Daemon] Found agentic task: system_ping
[Daemon] Found agentic task: system_ping
[Daemon] Found agentic task: system_ping
[Daemon] Found agentic task: system_pinggit push origin main
[main 84c45d9] Autonomous agentic backup
 1 file changed, 6 insertions(+)

[Daemon] Found agentic task: system_ping
[Daemon] Found agentic task: system_ping
[Daemon] Found agentic task: system_ping
[Daemon] Found agentic task: system_ping
[Daemon] Found agentic task: system_ping
[Daemon] Found agentic task: system_ping
[Daemon] Found agentic task: system_ping
[Daemon] Found agentic task: system_ping
[Daemon] Found agentic task: system_ping
[Daemon] Found agentic task: system_ping
[Daemon] Found agentic task: system_ping
[Daemon] Found agentic task: system_ping
[Daemon] Found agentic task: system_ping
[Daemon] Found agentic task: system_ping
[Daemon] Found agentic task: system_ping
[Daemon] Found agentic task: system_ping
[Daemon] Found agentic task: system_ping
[Daemon] Found agentic task: system_ping
[Daemon] Found agentic task: system_ping
[Daemon] Found agentic task: system_ping
[Daemon] Found agentic task: system_ping
[Daemon] Found agentic task: system_ping
[Daemon] Found agentic task: system_ping
[Daemon] Found agentic task: echo '{"state": "active"}' > state.json && cp state.json backup_state.json && rm state.json && mv backup_state.json state.json
[Daemon] Initiating H2OIDE backup...
[Daemon] Found agentic task: system_ping
[Daemon] Found agentic task: system_ping
[Daemon] Found agentic task: system_ping
[Daemon] Found agentic task: system_ping
[Daemon] Found agentic task: system_ping
[Daemon] Found agentic task: system_ping
[Daemon] Found agentic task: system_ping
[Daemon] Found agentic task: system_ping
[Daemon] Found agentic task: system_ping
[Daemon] Found agentic task: system_ping
[Daemon] Found agentic task: system_ping
[Daemon] Found agentic task: system_ping
[Daemon] Found agentic task: system_ping
[Daemon] Found agentic task: system_ping
[Daemon] Found agentic task: system_ping
[Daemon] Found agentic task: system_ping
[Daemon] Found agentic task: system_ping
[Daemon] Found agentic task: system_ping
[Daemon] Found agentic task: system_ping
[Daemon] Found agentic task: system_ping
[Daemon] Found agentic task: system_ping
[Daemon] Found agentic task: system_ping
[Daemon] Found agentic task: system_ping
[Daemon] Found agentic task: system_ping
[Daemon] Found agentic task: system_ping
[Daemon] Found agentic task: system_ping
[Daemon] Found agentic task: system_ping
[Daemon] Found agentic task: system_ping
[Daemon] Found agentic task: system_ping
[Daemon] Found agentic task: system_ping
[Daemon] Found agentic task: system_ping
[Daemon] Found agentic task: system_ping
[Daemon] Found agentic task: system_ping
[Daemon] Found agentic task: system_ping
[Daemon] Found agentic task: system_ping
[Daemon] Found agentic task: system_ping
[Daemon] Found agentic task: system_ping
[Daemon] Found agentic task: system_ping
[Daemon] Found agentic task: system_ping
[Daemon] Found agentic task: system_ping
[Daemon] Found agentic task: system_ping
[Daemon] Found agentic task: system_ping
[Daemon] Found agentic task: system_ping
[Daemon] Found agentic task: system_ping
[Daemon] Found agentic task: system_ping
[Daemon] Found agentic task: system_ping
[Daemon] Found agentic task: system_ping
[Daemon] Found agentic task: system_ping
[Daemon] Found agentic task: system_ping
[Daemon] Found agentic task: system_ping
[Daemon] Found agentic task: system_ping
[Daemon] Found agentic task: system_ping
[Daemon] Found agentic task: system_ping
[Daemon] Found agentic task: system_ping
[Daemon] Found agentic task: system_ping
[Daemon] Found agentic task: system_ping
[Daemon] Found agentic task: system_ping
[Daemon] Found agentic task: system_ping
[Daemon] Found agentic task: system_ping
[Daemon] Found agentic task: system_ping
[Daemon] Found agentic task: system_ping
[Daemon] Found agentic task: system_ping
[Daemon] Found agentic task: system_ping
[Daemon] Found agentic task: system_ping
[Daemon] Found agentic task: system_ping
[Daemon] Found agentic task: system_ping
[Daemon] Found agentic task: system_ping
[Daemon] Found agentic task: system_ping
[Daemon] Found agentic task: system_ping
[Daemon] Found agentic task: system_ping
[Daemon] Found agentic task: system_ping
[Daemon] Found agentic task: system_ping
[Daemon] Found agentic task: system_ping
[Daemon] Found agentic task: system_ping
[Daemon] Found agentic task: system_ping
[Daemon] Found agentic task: system_ping
[Daemon] Found agentic task: system_ping
[Daemon] Found agentic task: system_ping
[Daemon] Found agentic task: system_ping
[Daemon] Found agentic task: system_ping
[Daemon] Found agentic task: system_ping
[Daemon] Found agentic task: system_ping
[Daemon] Found agentic task: system_ping
[Daemon] Found agentic task: system_ping
[Daemon] Found agentic task: system_ping
[Daemon] Found agentic task: system_ping
[Daemon] Found agentic task: system_ping
[Daemon] Found agentic task: system_ping
[Daemon] Found agentic task: system_ping
[Daemon] Found agentic task: system_ping
[Daemon] Found agentic task: system_ping
[Daemon] Found agentic task: system_ping
[Daemon] Found agentic task: system_ping
[Daemon] Found agentic task: system_ping
[Daemon] Found agentic task: system_ping
[Daemon] Found agentic task: system_ping
[Daemon] Found agentic task: system_ping
[Daemon] Found agentic task: system_ping
[Daemon] Found agentic task: system_ping
[Daemon] Found agentic task: system_ping
[Daemon] Found agentic task: system_ping
[Daemon] Found agentic task: system_ping
[Daemon] Found agentic task: system_ping
[Daemon] Found agentic task: system_ping
[Daemon] Found agentic task: system_ping
[Daemon] Found agentic task: system_ping
[Daemon] Found agentic task: system_ping
[Daemon] Found agentic task: system_ping
[Daemon] Found agentic task: system_ping
[Daemon] Found agentic task: system_ping
[Daemon] Found agentic task: system_ping
[Daemon] Found agentic task: system_ping
[Daemon] Found agentic task: system_ping
[Daemon] Found agentic task: system_ping
[Daemon] Found agentic task: system_ping
[Daemon] Found agentic task: system_ping
[Daemon] Found agentic task: system_ping
[Daemon] Found agentic task: system_ping
[Daemon] Found agentic task: system_ping
[Daemon] Found agentic task: system_ping
[Daemon] Found agentic task: system_ping
[Daemon] Found agentic task: system_ping
[Daemon] Found agentic task: system_ping
[Daemon] Found agentic task: system_ping
[Daemon] Found agentic task: system_ping
[Daemon] Found agentic task: system_ping
[Daemon] Found agentic task: system_ping
[Daemon] Found agentic task: system_ping
[Daemon] Found agentic task: system_ping
[Daemon] Found agentic task: system_ping
[Daemon] Found agentic task: system_ping
[Daemon] Found agentic task: system_ping
[Daemon] Found agentic task: system_ping
[Daemon] Found agentic task: system_ping
[Daemon] Found agentic task: system_ping
[Daemon] Found agentic task: system_ping
[Daemon] Found agentic task: system_ping
[Daemon] Found agentic task: system_ping
[Daemon] Found agentic task: system_ping
[Daemon] Found agentic task: system_ping
[Daemon] Found agentic task: system_ping
[Daemon] Found agentic task: system_ping
[Daemon] Found agentic task: system_ping
[Daemon] Found agentic task: system_ping
[Daemon] Found agentic task: system_ping
[Daemon] Found agentic task: system_ping
[Daemon] Found agentic task: system_ping
[Daemon] Found agentic task: system_ping
[Daemon] Found agentic task: system_ping
[Daemon] Found agentic task: system_ping
[Daemon] Found agentic task: system_ping
[Daemon] Found agentic task: system_ping
[Daemon] Found agentic task: system_ping
[Daemon] Found agentic task: system_ping
[Daemon] Found agentic task: system_ping
[Daemon] Found agentic task: system_ping
[Daemon] Found agentic task: system_ping
[Daemon] Found agentic task: system_ping
[Daemon] Found agentic task: system_ping
[Daemon] Found agentic task: system_ping
[Daemon] Found agentic task: system_ping
[Daemon] Found agentic task: system_ping
[Daemon] Found agentic task: system_ping
[Daemon] Found agentic task: system_ping
[Daemon] Found agentic task: system_ping
[Daemon] Found agentic task: system_ping
[Daemon] Found agentic task: system_ping
[Daemon] Found agentic task: system_ping
[Daemon] Found agentic task: system_ping
[Daemon] Found agentic task: system_ping
[Daemon] Found agentic task: system_ping
[Daemon] Found agentic task: system_ping
[Daemon] Found agentic task: system_pinggit push origin main
[main 59a516d] Autonomous agentic backup
 1 file changed, 6 insertions(+)
git push origin main
[main 6ea967f] Autonomous agentic backup
 1 file changed, 6 insertions(+)

[Daemon] Found agentic task: system_ping
[Daemon] Found agentic task: system_ping
[Daemon] Found agentic task: system_ping
[Daemon] Found agentic task: system_ping
[Daemon] Found agentic task: system_ping
[Daemon] Found agentic task: system_ping
[Daemon] Found agentic task: system_ping
[Daemon] Found agentic task: system_ping
[Daemon] Found agentic task: system_ping
[Daemon] Found agentic task: system_ping
[Daemon] Found agentic task: system_ping
[Daemon] Found agentic task: system_ping
[Daemon] Found agentic task: system_ping
[Daemon] Found agentic task: system_ping
[Daemon] Found agentic task: system_ping
[Daemon] Found agentic task: system_ping
[Daemon] Found agentic task: system_ping
[Daemon] Found agentic task: system_ping
[Daemon] Found agentic task: system_ping
[Daemon] Found agentic task: system_ping
[Daemon] Found agentic task: system_ping
[Daemon] Found agentic task: system_ping
[Daemon] Found agentic task: system_ping
[Daemon] Found agentic task: system_ping
[Daemon] Found agentic task: system_ping
[Daemon] Found agentic task: system_ping
[Daemon] Found agentic task: system_ping
[Daemon] Found agentic task: system_ping
[Daemon] Found agentic task: system_ping
[Daemon] Found agentic task: system_ping
[Daemon] Found agentic task: system_ping
[Daemon] Found agentic task: system_ping
[Daemon] Found agentic task: system_ping
[Daemon] Found agentic task: system_ping
[Daemon] Found agentic task: system_ping
[Daemon] Found agentic task: system_ping
[Daemon] Found agentic task: system_ping
[Daemon] Found agentic task: system_ping
[Daemon] Found agentic task: system_ping
[Daemon] Found agentic task: system_ping
[Daemon] Found agentic task: system_ping
[Daemon] Found agentic task: system_ping
[Daemon] Found agentic task: system_ping
[Daemon] Found agentic task: system_ping
[Daemon] Found agentic task: system_ping
[Daemon] Found agentic task: system_ping
[Daemon] Found agentic task: system_ping
[Daemon] Found agentic task: system_ping
[Daemon] Found agentic task: system_ping
[Daemon] Found agentic task: system_ping
[Daemon] Found agentic task: system_ping
[Daemon] Found agentic task: system_ping
[Daemon] Found agentic task: system_ping
[Daemon] Found agentic task: system_ping
[Daemon] Found agentic task: system_ping
[Daemon] Found agentic task: system_ping
[Daemon] Found agentic task: system_ping
[Daemon] Found agentic task: system_ping
[Daemon] Found agentic task: system_ping
[Daemon] Found agentic task: system_ping
[Daemon] Found agentic task: system_ping
[Daemon] Found agentic task: system_ping
[Daemon] Found agentic task: system_ping
[Daemon] Found agentic task: system_ping
[Daemon] Found agentic task: system_ping
[Daemon] Found agentic task: system_ping
[Daemon] Found agentic task: system_ping
[Daemon] Found agentic task: system_ping
[Daemon] Found agentic task: system_ping
[Daemon] Found agentic task: echo '{"state": "active"}' > state.json && cp state.json backup_state.json && rm state.json && mv backup_state.json state.json
[Daemon] Initiating H2OIDE backup...
[Daemon] Found agentic task: system_ping
[Daemon] Found agentic task: system_ping
[Daemon] Found agentic task: system_ping
[Daemon] Found agentic task: system_ping
[Daemon] Found agentic task: system_ping
[Daemon] Found agentic task: system_ping
[Daemon] Found agentic task: system_ping
[Daemon] Found agentic task: system_ping
[Daemon] Found agentic task: system_ping
[Daemon] Found agentic task: system_ping
[Daemon] Found agentic task: system_ping
[Daemon] Found agentic task: system_ping
[Daemon] Found agentic task: system_ping
[Daemon] Found agentic task: system_ping
[Daemon] Found agentic task: system_ping
[Daemon] Found agentic task: system_ping
[Daemon] Found agentic task: system_ping
[Daemon] Found agentic task: system_ping
[Daemon] Found agentic task: system_ping
[Daemon] Found agentic task: system_ping
[Daemon] Found agentic task: system_ping
[Daemon] Found agentic task: system_ping
[Daemon] Found agentic task: system_ping
[Daemon] Found agentic task: system_ping
[Daemon] Found agentic task: system_ping
[Daemon] Found agentic task: system_ping
[Daemon] Found agentic task: system_ping
[Daemon] Found agentic task: system_ping
[Daemon] Found agentic task: system_ping
[Daemon] Found agentic task: system_ping
[Daemon] Found agentic task: system_ping
[Daemon] Found agentic task: system_ping
[Daemon] Found agentic task: system_ping
[Daemon] Found agentic task: system_ping
[Daemon] Found agentic task: system_ping
[Daemon] Found agentic task: system_ping
[Daemon] Found agentic task: system_ping
[Daemon] Found agentic task: system_ping
[Daemon] Found agentic task: system_ping
[Daemon] Found agentic task: system_ping
[Daemon] Found agentic task: system_ping
[Daemon] Found agentic task: system_ping
[Daemon] Found agentic task: system_ping
[Daemon] Found agentic task: system_ping
[Daemon] Found agentic task: system_ping
[Daemon] Found agentic task: system_ping
[Daemon] Found agentic task: system_ping
[Daemon] Found agentic task: system_ping
[Daemon] Found agentic task: system_ping
[Daemon] Found agentic task: system_ping
[Daemon] Found agentic task: system_ping
[Daemon] Found agentic task: system_ping
[Daemon] Found agentic task: system_ping
[Daemon] Found agentic task: system_ping
[Daemon] Found agentic task: system_ping
[Daemon] Found agentic task: system_ping
[Daemon] Found agentic task: system_ping
[Daemon] Found agentic task: system_ping
[Daemon] Found agentic task: system_ping
[Daemon] Found agentic task: system_ping
[Daemon] Found agentic task: system_ping
[Daemon] Found agentic task: system_ping
[Daemon] Found agentic task: system_ping
[Daemon] Found agentic task: system_ping
[Daemon] Found agentic task: system_ping
[Daemon] Found agentic task: system_ping
[Daemon] Found agentic task: system_ping
[Daemon] Found agentic task: system_ping
[Daemon] Found agentic task: system_ping
[Daemon] Found agentic task: system_ping
[Daemon] Found agentic task: system_ping
[Daemon] Found agentic task: system_ping
[Daemon] Found agentic task: system_ping
[Daemon] Found agentic task: system_ping
[Daemon] Found agentic task: system_ping
[Daemon] Found agentic task: system_ping
[Daemon] Found agentic task: system_ping
[Daemon] Found agentic task: system_ping
[Daemon] Found agentic task: system_ping
[Daemon] Found agentic task: system_ping
[Daemon] Found agentic task: system_ping
[Daemon] Found agentic task: system_ping
[Daemon] Found agentic task: system_ping
[Daemon] Found agentic task: system_ping
[Daemon] Found agentic task: system_ping
[Daemon] Found agentic task: system_ping
[Daemon] Found agentic task: system_ping
[Daemon] Found agentic task: system_ping
[Daemon] Found agentic task: system_ping
[Daemon] Found agentic task: system_ping
[Daemon] Found agentic task: system_ping
[Daemon] Found agentic task: system_ping
[Daemon] Found agentic task: system_ping
[Daemon] Found agentic task: system_ping
[Daemon] Found agentic task: system_ping
[Daemon] Found agentic task: system_ping
[Daemon] Found agentic task: system_ping
[Daemon] Found agentic task: system_ping
[Daemon] Found agentic task: system_ping
[Daemon] Found agentic task: echo '{"state": "active"}' > state.json && cp state.json backup_state.json && rm state.json && mv backup_state.json state.json
[Daemon] Initiating H2OIDE backup...
[Daemon] Found agentic task: system_ping
[Daemon] Found agentic task: system_ping
[Daemon] Found agentic task: system_ping
[Daemon] Found agentic task: system_ping
[Daemon] Found agentic task: system_ping
[Daemon] Found agentic task: system_ping
[Daemon] Found agentic task: system_ping
[Daemon] Found agentic task: system_ping
[Daemon] Found agentic task: system_ping
[Daemon] Found agentic task: system_ping
[Daemon] Found agentic task: system_ping
[Daemon] Found agentic task: system_ping
[Daemon] Found agentic task: system_ping
[Daemon] Found agentic task: system_ping
[Daemon] Found agentic task: system_ping
[Daemon] Found agentic task: system_ping
[Daemon] Found agentic task: system_ping
[Daemon] Found agentic task: system_ping
[Daemon] Found agentic task: system_ping
[Daemon] Found agentic task: system_ping
[Daemon] Found agentic task: system_ping
[Daemon] Found agentic task: system_ping
[Daemon] Found agentic task: system_ping